   168.0ms (setup:1113): 2025-11-03 11:07:33
   168.1ms (setup:1114): /opt/homebrew/bin/pipx install ttf2c
   168.1ms (setup:1115): pipx version is 1.8.0
   168.1ms (setup:1116): Default python interpreter is '/opt/homebrew/opt/python@3.13/libexec/bin/python'
   169.3ms (package_name_from_spec:381): Determined package name: ttf2c
   169.3ms (package_name_from_spec:382): Package name determined in 0.0s
   169.4ms (create_venv:164): Creating virtual environment
   169.5ms (run_subprocess:175): running /opt/homebrew/opt/python@3.13/libexec/bin/python -m venv --without-pip /Users/mahd/DEV/dotfiles-macos/.local/pipx/venvs/ttf2c
   207.6ms (run_subprocess:195): stdout:
   207.6ms (run_subprocess:197): stderr:
   207.7ms (run_subprocess:198): returncode: 0
   208.5ms (run_subprocess:175): running <checking pip's availability>
   226.5ms (run_subprocess:195): stdout: ModuleSpec(name='pip', loader=<_frozen_importlib_external.SourceFileLoader object at 0x10969a530>, origin='/Users/mahd/DEV/dotfiles-macos/.local/pipx/shared/lib/python3.13/site-packages/pip/__init__.py', submodule_search_locations=['/Users/mahd/DEV/dotfiles-macos/.local/pipx/shared/lib/python3.13/site-packages/pip'])
   227.5ms (run_subprocess:198): returncode: 0
   228.2ms (run_subprocess:175): running /Users/mahd/DEV/dotfiles-macos/.local/pipx/venvs/ttf2c/bin/python -c import sysconfig; print(sysconfig.get_path('purelib'))
   248.1ms (run_subprocess:195): stdout: /Users/mahd/DEV/dotfiles-macos/.local/pipx/venvs/ttf2c/lib/python3.13/site-packages
   248.2ms (run_subprocess:198): returncode: 0
   248.5ms (run_subprocess:175): running /Users/mahd/DEV/dotfiles-macos/.local/pipx/shared/bin/python -c import sysconfig; print(sysconfig.get_path('purelib'))
   266.6ms (run_subprocess:195): stdout: /Users/mahd/DEV/dotfiles-macos/.local/pipx/shared/lib/python3.13/site-packages
   266.7ms (run_subprocess:198): returncode: 0
   267.1ms (run_subprocess:175): running /Users/mahd/DEV/dotfiles-macos/.local/pipx/venvs/ttf2c/bin/python --version
   274.6ms (run_subprocess:195): stdout: Python 3.13.7
   274.7ms (run_subprocess:197): stderr:
   274.7ms (run_subprocess:198): returncode: 0
   275.0ms (_parsed_package_to_package_or_url:139): cleaned package spec: ttf2c
   275.0ms (install_package:247): Installing ttf2c
   275.2ms (run_subprocess:175): running /Users/mahd/DEV/dotfiles-macos/.local/pipx/venvs/ttf2c/bin/python -m pip --no-input install ttf2c
  1077.8ms (run_subprocess:198): returncode: 1
  1078.2ms (subprocess_post_check_handle_pip_error:332): '/Users/mahd/DEV/dotfiles-macos/.local/pipx/venvs/ttf2c/bin/python -m pip --no-input install ttf2c' failed
  1078.7ms (subprocess_post_check_handle_pip_error:347): Fatal error from pip prevented installation. Full pip output in file:
    /Users/mahd/DEV/dotfiles-macos/.local/pipx/logs/cmd_2025-11-03_11.07.33_pip_errors.log
  1079.6ms (rmdir:56): removing directory /Users/mahd/DEV/dotfiles-macos/.local/pipx/venvs/ttf2c
  1080.9ms (cli:1184): PipxError: Error installing ttf2c.
Traceback (most recent call last):
  File "/opt/homebrew/Cellar/pipx/1.8.0/libexec/lib/python3.13/site-packages/pipx/main.py", line 1181, in cli
    return run_pipx_command(parsed_pipx_args, subparsers)
  File "/opt/homebrew/Cellar/pipx/1.8.0/libexec/lib/python3.13/site-packages/pipx/main.py", line 282, in run_pipx_command
    return commands.install(
           ~~~~~~~~~~~~~~~~^
        None,
        ^^^^^
    ...<13 lines>...
        python_flag_passed=python_flag_passed,
        ^^^^^^^^^^^^^^^^^^^^^^^^^^^^^^^^^^^^^^
    )
    ^
  File "/opt/homebrew/Cellar/pipx/1.8.0/libexec/lib/python3.13/site-packages/pipx/commands/install.py", line 99, in install
    venv.install_package(
    ~~~~~~~~~~~~~~~~~~~~^
        package_name=package_name,
        ^^^^^^^^^^^^^^^^^^^^^^^^^^
    ...<5 lines>...
        suffix=suffix,
        ^^^^^^^^^^^^^^
    )
    ^
  File "/opt/homebrew/Cellar/pipx/1.8.0/libexec/lib/python3.13/site-packages/pipx/venv.py", line 265, in install_package
    raise PipxError(f"Error installing {full_package_description(package_name, package_or_url)}.")
pipx.util.PipxError: Error installing ttf2c.
  1082.3ms (cli:1192): pipx finished.
