   174.8ms (setup:1164): 2026-04-09 21:59:10
   174.9ms (setup:1165): /opt/homebrew/bin/pipx install drgn
   174.9ms (setup:1166): pipx version is 1.10.1
   174.9ms (setup:1167): Default python interpreter is '/opt/homebrew/opt/python@3.14/libexec/bin/python'
   176.4ms (package_name_from_spec:377): Determined package name: drgn
   176.4ms (package_name_from_spec:378): Package name determined in 0.0s
   176.5ms (create_venv:165): Creating virtual environment
   176.8ms (run_subprocess:172): running /opt/homebrew/opt/python@3.14/libexec/bin/python -m venv --without-pip /Users/mahd/DEV/dotfiles-macos/.local/pipx/venvs/drgn
   222.0ms (run_subprocess:192): stdout:
   222.1ms (run_subprocess:194): stderr:
   222.1ms (run_subprocess:195): returncode: 0
   223.2ms (run_subprocess:172): running <checking pip's availability>
   272.0ms (run_subprocess:192): stdout: ModuleSpec(name='pip', loader=<_frozen_importlib_external.SourceFileLoader object at 0x109ccac10>, origin='/Users/mahd/DEV/dotfiles-macos/.local/pipx/shared/lib/python3.13/site-packages/pip/__init__.py', submodule_search_locations=['/Users/mahd/DEV/dotfiles-macos/.local/pipx/shared/lib/python3.13/site-packages/pip'])
   272.1ms (run_subprocess:195): returncode: 0
   272.6ms (run_subprocess:172): running /Users/mahd/DEV/dotfiles-macos/.local/pipx/venvs/drgn/bin/python -c import sysconfig; print(sysconfig.get_path('purelib'))
   294.7ms (run_subprocess:192): stdout: /Users/mahd/DEV/dotfiles-macos/.local/pipx/venvs/drgn/lib/python3.14/site-packages
   294.8ms (run_subprocess:195): returncode: 0
   295.1ms (run_subprocess:172): running /Users/mahd/DEV/dotfiles-macos/.local/pipx/shared/bin/python -c import sysconfig; print(sysconfig.get_path('purelib'))
   333.7ms (run_subprocess:192): stdout: /Users/mahd/DEV/dotfiles-macos/.local/pipx/shared/lib/python3.13/site-packages
   334.0ms (run_subprocess:195): returncode: 0
   334.6ms (run_subprocess:172): running /Users/mahd/DEV/dotfiles-macos/.local/pipx/venvs/drgn/bin/python --version
   351.6ms (run_subprocess:192): stdout: Python 3.14.3
   351.7ms (run_subprocess:194): stderr:
   351.7ms (run_subprocess:195): returncode: 0
   351.9ms (_parsed_package_to_package_or_url:139): cleaned package spec: drgn
   351.9ms (install_package:248): Installing drgn
   352.2ms (run_subprocess:172): running /Users/mahd/DEV/dotfiles-macos/.local/pipx/venvs/drgn/bin/python -m pip --no-input install drgn
  2831.7ms (run_subprocess:195): returncode: 1
  2831.9ms (subprocess_post_check_handle_pip_error:329): '/Users/mahd/DEV/dotfiles-macos/.local/pipx/venvs/drgn/bin/python -m pip --no-input install drgn' failed
  2832.3ms (subprocess_post_check_handle_pip_error:344): Fatal error from pip prevented installation. Full pip output in file:
    /Users/mahd/DEV/dotfiles-macos/.local/pipx/logs/cmd_2026-04-09_21.59.10_pip_errors.log
  2832.9ms (analyze_pip_output:308): pip seemed to fail to build package:
    drgn
  2833.0ms (rmdir:53): removing directory /Users/mahd/DEV/dotfiles-macos/.local/pipx/venvs/drgn
  2833.9ms (cli:1235): PipxError: Error installing drgn.
Traceback (most recent call last):
  File "/opt/homebrew/Cellar/pipx/1.10.1/libexec/lib/python3.14/site-packages/pipx/main.py", line 1232, in cli
    return run_pipx_command(parsed_pipx_args, subparsers)
  File "/opt/homebrew/Cellar/pipx/1.10.1/libexec/lib/python3.14/site-packages/pipx/main.py", line 299, in run_pipx_command
    return commands.install(
           ~~~~~~~~~~~~~~~~^
        None,
        ^^^^^
    ...<13 lines>...
        python_flag_passed=python_flag_passed,
        ^^^^^^^^^^^^^^^^^^^^^^^^^^^^^^^^^^^^^^
    )
    ^
  File "/opt/homebrew/Cellar/pipx/1.10.1/libexec/lib/python3.14/site-packages/pipx/commands/install.py", line 100, in install
    venv.install_package(
    ~~~~~~~~~~~~~~~~~~~~^
        package_name=package_name,
        ^^^^^^^^^^^^^^^^^^^^^^^^^^
    ...<5 lines>...
        suffix=suffix,
        ^^^^^^^^^^^^^^
    )
    ^
  File "/opt/homebrew/Cellar/pipx/1.10.1/libexec/lib/python3.14/site-packages/pipx/venv.py", line 266, in install_package
    raise PipxError(f"Error installing {full_package_description(package_name, package_or_url)}.")
pipx.util.PipxError: Error installing drgn.
  2834.9ms (cli:1243): pipx finished.
